[15/Aug/2026 01:46:55] "GET /?enhancement_options=1 HTTP/1.1" 200 3122
[15/Aug/2026 01:46:55,408] - Broken pipe from ('127.0.0.1', 49460)
[15/Aug/2026 02:03:06] "GET /?enhancement_options=1&name=&item_type=&min_level=&max_level=&include_upgrades=0&enhancement_filter_count=1&enhancement_0=Spellpen HTTP/1.1" 200 3122
[15/Aug/2026 02:03:15] "GET /?enhancement_options=1&name=&item_type=&min_level=&max_level=&include_upgrades=0&enhancement_filter_count=1&enhancement_0=Spell+penetration HTTP/1.1" 200 3122
[15/Aug/2026 02:03:18] "GET /?name=&item_type=&min_level=&max_level=&include_upgrades=0&enhancement_0=Spell+penetration&enhancement_value_0=&enhancement_min_0= HTTP/1.1" 200 13771
[15/Aug/2026 02:03:18] "GET /static/catalog/css/item_search.css HTTP/1.1" 304 0
[15/Aug/2026 02:03:18] "GET /static/catalog/js/item_search.js HTTP/1.1" 304 0
[15/Aug/2026 02:03:18] "GET /?enhancement_options=1&name=&item_type=&min_level=&max_level=&include_upgrades=0&enhancement_filter_count=1&enhancement_0=Spell+penetration HTTP/1.1" 200 3122
[15/Aug/2026 02:03:22] "GET /?name=&item_type=&min_level=&max_level=&include_upgrades=0&enhancement_0=Spell+penetration&enhancement_value_0=&enhancement_min_0= HTTP/1.1" 200 13771
[15/Aug/2026 02:03:23] "GET /?enhancement_options=1&name=&item_type=&min_level=&max_level=&include_upgrades=0&enhancement_filter_count=1&enhancement_0=Spell+penetration HTTP/1.1" 200 3122
[15/Aug/2026 02:03:25] "GET /?enhancement_options=1&name=&item_type=&min_level=&max_level=&include_upgrades=0&enhancement_filter_count=1&enhancement_0=Lunar+and+Solar+Gems HTTP/1.1" 200 3122
[15/Aug/2026 02:03:26] "GET /?name=&item_type=&min_level=&max_level=&include_upgrades=0&enhancement_0=Lunar+and+Solar+Gems&enhancement_value_0= HTTP/1.1" 200 14338
[15/Aug/2026 02:03:26] "GET /?enhancement_options=1&name=&item_type=&min_level=&max_level=&include_upgrades=0&enhancement_filter_count=1&enhancement_0=Lunar+and+Solar+Gems HTTP/1.1" 200 3122
[15/Aug/2026 02:03:30] "GET /?enhancement_options=1&name=&item_type=&min_level=&max_level=&include_upgrades=0&enhancement_filter_count=1&enhancement_0=Spell+Power HTTP/1.1" 200 3122
[15/Aug/2026 02:03:32] "GET /?name=&item_type=&min_level=&max_level=&include_upgrades=0&enhancement_0=Spell+Power&enhancement_value_0=&enhancement_min_0= HTTP/1.1" 200 69590
[15/Aug/2026 02:03:32] "GET /?enhancement_options=1&name=&item_type=&min_level=&max_level=&include_upgrades=0&enhancement_filter_count=1&enhancement_0=Spell+Power HTTP/1.1" 200 3122
[15/Aug/2026 02:03:39] "GET /?enhancement_options=1&name=&item_type=&min_level=&max_level=&include_upgrades=0&enhancement_filter_count=1&enhancement_0=Spell+penetration HTTP/1.1" 200 3122
[15/Aug/2026 02:03:40] "GET /?name=&item_type=&min_level=&max_level=&include_upgrades=0&enhancement_0=Spell+penetration&enhancement_value_0=&enhancement_min_0= HTTP/1.1" 200 13771
[15/Aug/2026 02:03:41] "GET /?enhancement_options=1&name=&item_type=&min_level=&max_level=&include_upgrades=0&enhancement_filter_count=1&enhancement_0=Spell+penetration HTTP/1.1" 200 3122
[15/Aug/2026 02:03:47] "GET /?enhancement_options=1&name=&item_type=&min_level=&max_level=&include_upgrades=0&enhancement_filter_count=1&enhancement_0=Elemental+Resistance HTTP/1.1" 200 3122
[15/Aug/2026 02:03:48] "GET /?name=&item_type=&min_level=&max_level=&include_upgrades=0&enhancement_0=Elemental+Resistance&enhancement_value_0= HTTP/1.1" 200 14436
[15/Aug/2026 02:03:48] "GET /?enhancement_options=1&name=&item_type=&min_level=&max_level=&include_upgrades=0&enhancement_filter_count=1&enhancement_0=Elemental+Resistance HTTP/1.1" 200 3122
[15/Aug/2026 02:03:54] "GET /?enhancement_options=1&name=&item_type=&min_level=&max_level=&include_upgrades=0&enhancement_filter_count=1&enhancement_0=Spell+penetration HTTP/1.1" 200 3122
[15/Aug/2026 02:03:57] "GET /?enhancement_options=1&name=&item_type=&min_level=&max_level=&include_upgrades=0&enhancement_filter_count=1&enhancement_0=Spell+penetration&enhancement_value_0=%2B1 HTTP/1.1" 200 3122
[15/Aug/2026 02:03:58] "GET /?name=&item_type=&min_level=&max_level=&include_upgrades=0&enhancement_0=Spell+penetration&enhancement_value_0=%2B1&enhancement_min_0= HTTP/1.1" 200 13773
[15/Aug/2026 02:03:58] "GET /?enhancement_options=1&name=&item_type=&min_level=&max_level=&include_upgrades=0&enhancement_filter_count=1&enhancement_0=Spell+penetration HTTP/1.1" 200 3122
[15/Aug/2026 02:04:00] "GET /?enhancement_options=1&name=&item_type=&min_level=&max_level=&include_upgrades=0&enhancement_filter_count=1&enhancement_0=Spell+penetration&enhancement_value_0=I HTTP/1.1" 200 3122
[15/Aug/2026 02:04:00] "GET /?name=&item_type=&min_level=&max_level=&include_upgrades=0&enhancement_0=Spell+penetration&enhancement_value_0=I&enhancement_min_0= HTTP/1.1" 200 13772
[15/Aug/2026 02:04:00] "GET /?enhancement_options=1&name=&item_type=&min_level=&max_level=&include_upgrades=0&enhancement_filter_count=1&enhancement_0=Spell+penetration HTTP/1.1" 200 3122
[15/Aug/2026 02:04:02] "GET /?enhancement_options=1&name=&item_type=&min_level=&max_level=&include_upgrades=0&enhancement_filter_count=1&enhancement_0=Spell+penetration&enhancement_value_0=VI HTTP/1.1" 200 3122
[15/Aug/2026 02:04:02] "GET /?name=&item_type=&min_level=&max_level=&include_upgrades=0&enhancement_0=Spell+penetration&enhancement_value_0=VI&enhancement_min_0= HTTP/1.1" 200 13773
[15/Aug/2026 02:04:02] "GET /?enhancement_options=1&name=&item_type=&min_level=&max_level=&include_upgrades=0&enhancement_filter_count=1&enhancement_0=Spell+penetration HTTP/1.1" 200 3122
[15/Aug/2026 02:04:03] "GET /?enhancement_options=1&name=&item_type=&min_level=&max_level=&include_upgrades=1&enhancement_filter_count=1&enhancement_0=Spell+penetration&enhancement_value_0=VI HTTP/1.1" 200 3122
[15/Aug/2026 02:04:04] "GET /?name=&item_type=&min_level=&max_level=&include_upgrades=1&include_upgrades=0&enhancement_0=Spell+penetration&enhancement_value_0=VI&enhancement_min_0= HTTP/1.1" 200 76103
[15/Aug/2026 02:04:04] "GET /?enhancement_options=1&name=&item_type=&min_level=&max_level=&include_upgrades=1&enhancement_filter_count=1&enhancement_0=Spell+penetration HTTP/1.1" 200 3122
[15/Aug/2026 02:04:05] "GET /?enhancement_options=1&name=&item_type=&min_level=&max_level=&include_upgrades=1&enhancement_filter_count=1&enhancement_0=Spell+penetration HTTP/1.1" 200 3122
[15/Aug/2026 02:04:06] "GET /?name=&item_type=&min_level=&max_level=&include_upgrades=1&include_upgrades=0&enhancement_0=Spell+penetration&enhancement_value_0=VI&enhancement_min_0= HTTP/1.1" 200 76103
[15/Aug/2026 02:04:06] "GET /?enhancement_options=1&name=&item_type=&min_level=&max_level=&include_upgrades=1&enhancement_filter_count=1&enhancement_0=Spell+penetration HTTP/1.1" 200 3122
[15/Aug/2026 02:04:07] "GET /?name=&item_type=&min_level=&max_level=&include_upgrades=1&include_upgrades=0&enhancement_0=Spell+penetration&enhancement_value_0=VI&enhancement_min_0= HTTP/1.1" 200 76103
[15/Aug/2026 02:04:07] "GET /?enhancement_options=1&name=&item_type=&min_level=&max_level=&include_upgrades=1&enhancement_filter_count=1&enhancement_0=Spell+penetration HTTP/1.1" 200 3122
[15/Aug/2026 02:04:16] "GET /?enhancement_options=1&name=&item_type=&min_level=&max_level=&include_upgrades=1&enhancement_filter_count=1&enhancement_0=Spell+penetration&enhancement_value_0=%2B1 HTTP/1.1" 200 3122
[15/Aug/2026 02:04:17] "GET /?name=&item_type=&min_level=&max_level=&include_upgrades=1&include_upgrades=0&enhancement_0=Spell+penetration&enhancement_value_0=%2B1&enhancement_min_0= HTTP/1.1" 200 36800
[15/Aug/2026 02:04:17] "GET /?enhancement_options=1&name=&item_type=&min_level=&max_level=&include_upgrades=1&enhancement_filter_count=1&enhancement_0=Spell+penetration HTTP/1.1" 200 3122
[15/Aug/2026 02:04:24] "GET /?enhancement_options=1&name=&item_type=&min_level=&max_level=&include_upgrades=1&enhancement_filter_count=1&enhancement_0=Spell+penetration&enhancement_value_0=I HTTP/1.1" 200 3122
[15/Aug/2026 02:04:25] "GET /?name=&item_type=&min_level=&max_level=&include_upgrades=1&include_upgrades=0&enhancement_0=Spell+penetration&enhancement_value_0=I&enhancement_min_0= HTTP/1.1" 200 70774
[15/Aug/2026 02:04:25] "GET /?enhancement_options=1&name=&item_type=&min_level=&max_level=&include_upgrades=1&enhancement_filter_count=1&enhancement_0=Spell+penetration HTTP/1.1" 200 3122
[15/Aug/2026 02:05:01] "GET /?enhancement_options=1&name=&item_type=&min_level=&max_level=&include_upgrades=1&enhancement_filter_count=1&enhancement_0=Spell+penetration&enhancement_value_0=%2B1 HTTP/1.1" 200 3122
[15/Aug/2026 02:05:03] "GET /?name=&item_type=&min_level=&max_level=&include_upgrades=1&include_upgrades=0&enhancement_0=Spell+penetration&enhancement_value_0=%2B1&enhancement_min_0= HTTP/1.1" 200 36800
[15/Aug/2026 02:05:03] "GET /?enhancement_options=1&name=&item_type=&min_level=&max_level=&include_upgrades=1&enhancement_filter_count=1&enhancement_0=Spell+penetration HTTP/1.1" 200 3122
[15/Aug/2026 02:17:54] "GET /?name=&item_type=&min_level=&max_level=&include_upgrades=1&include_upgrades=0&enhancement_0=Spell+penetration&enhancement_value_0=%2B1&enhancement_min_0= HTTP/1.1" 200 36800
[15/Aug/2026 02:17:54] "GET /static/catalog/js/item_search.js HTTP/1.1" 304 0
[15/Aug/2026 02:17:54] "GET /?enhancement_options=1&name=&item_type=&min_level=&max_level=&include_upgrades=1&enhancement_filter_count=1&enhancement_0=Spell+penetration HTTP/1.1" 200 3122
[15/Aug/2026 02:17:57] "GET / HTTP/1.1" 200 46405
[15/Aug/2026 02:17:57] "GET /?enhancement_options=1&name=&item_type=&min_level=&max_level=&include_upgrades=1&enhancement_filter_count=1 HTTP/1.1" 200 3122
[15/Aug/2026 02:18:05] "GET /?enhancement_options=1&name=&item_type=&min_level=&max_level=&include_upgrades=1&enhancement_filter_count=1&enhancement_0=Spell+penetration HTTP/1.1" 200 3122
[15/Aug/2026 02:18:06] "GET /?name=&item_type=&min_level=&max_level=&include_upgrades=1&include_upgrades=0&enhancement_0=Spell+penetration&enhancement_value_0=&enhancement_min_0= HTTP/1.1" 200 70896
[15/Aug/2026 02:18:06] "GET /?enhancement_options=1&name=&item_type=&min_level=&max_level=&include_upgrades=1&enhancement_filter_count=1&enhancement_0=Spell+penetration HTTP/1.1" 200 3122
[15/Aug/2026 02:18:23] "GET /?enhancement_options=1&name=&item_type=&min_level=&max_level=&include_upgrades=1&enhancement_filter_count=1&enhancement_0=Overgrown+Workbench HTTP/1.1" 200 3122
[15/Aug/2026 02:18:26] "GET /?name=&item_type=&min_level=&max_level=&include_upgrades=1&include_upgrades=0&enhancement_0=Overgrown+Workbench&enhancement_value_0= HTTP/1.1" 200 70898
[15/Aug/2026 02:18:26] "GET /?enhancement_options=1&name=&item_type=&min_level=&max_level=&include_upgrades=1&enhancement_filter_count=1&enhancement_0=Overgrown+Workbench HTTP/1.1" 200 3122
